Traceback (most recent call last):
  File "/home/admin/ai-costing-system/backend/venv/bin/uvicorn", line 8, in <module>
    sys.exit(main())
             ^^^^^^
  File "/home/admin/ai-costing-system/backend/venv/lib64/python3.12/site-packages/click/core.py", line 1485, in __call__
    return self.main(*args, **kwargs)
           ^^^^^^^^^^^^^^^^^^^^^^^^^^
  File "/home/admin/ai-costing-system/backend/venv/lib64/python3.12/site-packages/click/core.py", line 1406, in main
    rv = self.invoke(ctx)
         ^^^^^^^^^^^^^^^^
  File "/home/admin/ai-costing-system/backend/venv/lib64/python3.12/site-packages/click/core.py", line 1269, in invoke
    return ctx.invoke(self.callback, **ctx.params)
           ^^^^^^^^^^^^^^^^^^^^^^^^^^^^^^^^^^^^^^^
  File "/home/admin/ai-costing-system/backend/venv/lib64/python3.12/site-packages/click/core.py", line 824, in invoke
    return callback(*args, **kwargs)
           ^^^^^^^^^^^^^^^^^^^^^^^^^
  File "/home/admin/ai-costing-system/backend/venv/lib64/python3.12/site-packages/uvicorn/main.py", line 416, in main
    run(
  File "/home/admin/ai-costing-system/backend/venv/lib64/python3.12/site-packages/uvicorn/main.py", line 587, in run
    server.run()
  File "/home/admin/ai-costing-system/backend/venv/lib64/python3.12/site-packages/uvicorn/server.py", line 61, in run
    return asyncio.run(self.serve(sockets=sockets))
           ^^^^^^^^^^^^^^^^^^^^^^^^^^^^^^^^^^^^^^^^
  File "/usr/lib64/python3.12/asyncio/runners.py", line 194, in run
    return runner.run(main)
           ^^^^^^^^^^^^^^^^
  File "/usr/lib64/python3.12/asyncio/runners.py", line 118, in run
    return self._loop.run_until_complete(task)
           ^^^^^^^^^^^^^^^^^^^^^^^^^^^^^^^^^^^
  File "uvloop/loop.pyx", line 1518, in uvloop.loop.Loop.run_until_complete
  File "/home/admin/ai-costing-system/backend/venv/lib64/python3.12/site-packages/uvicorn/server.py", line 68, in serve
    config.load()
  File "/home/admin/ai-costing-system/backend/venv/lib64/python3.12/site-packages/uvicorn/config.py", line 467, in load
    self.loaded_app = import_from_string(self.app)
                      ^^^^^^^^^^^^^^^^^^^^^^^^^^^^
  File "/home/admin/ai-costing-system/backend/venv/lib64/python3.12/site-packages/uvicorn/importer.py", line 24, in import_from_string
    raise exc from None
  File "/home/admin/ai-costing-system/backend/venv/lib64/python3.12/site-packages/uvicorn/importer.py", line 21, in import_from_string
    module = importlib.import_module(module_str)
             ^^^^^^^^^^^^^^^^^^^^^^^^^^^^^^^^^^^
  File "/usr/lib64/python3.12/importlib/__init__.py", line 90, in import_module
    return _bootstrap._gcd_import(name[level:], package, level)
           ^^^^^^^^^^^^^^^^^^^^^^^^^^^^^^^^^^^^^^^^^^^^^^^^^^^^
  File "<frozen importlib._bootstrap>", line 1387, in _gcd_import
  File "<frozen importlib._bootstrap>", line 1360, in _find_and_load
  File "<frozen importlib._bootstrap>", line 1331, in _find_and_load_unlocked
  File "<frozen importlib._bootstrap>", line 935, in _load_unlocked
  File "<frozen importlib._bootstrap_external>", line 995, in exec_module
  File "<frozen importlib._bootstrap>", line 488, in _call_with_frames_removed
  File "/home/admin/ai-costing-system/backend/src/main.py", line 7, in <module>
    from .planner.router import router as planner_router
  File "/home/admin/ai-costing-system/backend/src/planner/router.py", line 3, in <module>
    from .routers import (
  File "/home/admin/ai-costing-system/backend/src/planner/routers/approvals.py", line 4, in <module>
    from .. import models, schemas
  File "/home/admin/ai-costing-system/backend/src/planner/models.py", line 21, in <module>
    from ..database import Base
  File "/home/admin/ai-costing-system/backend/src/database.py", line 50, in <module>
    configure_engine()
  File "/home/admin/ai-costing-system/backend/src/database.py", line 32, in configure_engine
    engine = _build_engine(target_url)
             ^^^^^^^^^^^^^^^^^^^^^^^^^
  File "/home/admin/ai-costing-system/backend/src/database.py", line 19, in _build_engine
    return create_engine(
           ^^^^^^^^^^^^^^
  File "<string>", line 2, in create_engine
  File "/home/admin/ai-costing-system/backend/venv/lib64/python3.12/site-packages/sqlalchemy/util/deprecations.py", line 281, in warned
    return fn(*args, **kwargs)  # type: ignore[no-any-return]
           ^^^^^^^^^^^^^^^^^^^
  File "/home/admin/ai-costing-system/backend/venv/lib64/python3.12/site-packages/sqlalchemy/engine/create.py", line 601, in create_engine
    dbapi = dbapi_meth(**dbapi_args)
            ^^^^^^^^^^^^^^^^^^^^^^^^
  File "/home/admin/ai-costing-system/backend/venv/lib64/python3.12/site-packages/sqlalchemy/dialects/postgresql/psycopg2.py", line 690, in import_dbapi
    import psycopg2
ModuleNotFoundError: No module named 'psycopg2'
